2026-05-16 12:06:39 [main] INFO  c.s.springpoo.SpringpooApplication - Starting SpringpooApplication using Java 21.0.8 with PID 9704 (C:\Users\SANTIAGO\IdeaProjects\springpoo\springpoo\target\classes started by SANTIAGO in C:\Users\SANTIAGO\IdeaProjects\springpoo\springpoo)
2026-05-16 12:06:39 [main] DEBUG c.s.springpoo.SpringpooApplication - Running with Spring Boot v3.2.5, Spring v6.1.6
2026-05-16 12:06:39 [main] INFO  c.s.springpoo.SpringpooApplication - No active profile set, falling back to 1 default profile: "default"
2026-05-16 12:06:41 [main] INFO  o.s.b.w.e.tomcat.TomcatWebServer - Tomcat initialized with port 8080 (http)
2026-05-16 12:06:41 [main] INFO  o.s.b.w.s.c.ServletWebServerApplicationContext - Root WebApplicationContext: initialization completed in 1933 ms
2026-05-16 12:06:41 [main] INFO  c.s.springpoo.persistence.conexion - Conexión con MySQL establecida correctamente.
2026-05-16 12:06:42 [main] DEBUG c.s.s.p.persistenceAprendiz - Columna 'foto' ya existe o no se pudo agregar: Duplicate column name 'foto'
2026-05-16 12:06:42 [main] DEBUG c.s.s.p.persistenceAprendiz - Columna 'foto' ya existe o no se pudo agregar: Duplicate column name 'foto'
2026-05-16 12:06:42 [main] WARN  o.s.b.a.s.s.UserDetailsServiceAutoConfiguration - 

Using generated security password: 22d717c6-de35-4c82-8849-241517762a09

This generated password is for development use only. Your security configuration must be updated before running your application in production.

2026-05-16 12:06:42 [main] INFO  o.s.b.a.w.s.WelcomePageHandlerMapping - Adding welcome page: class path resource [static/index.html]
2026-05-16 12:06:42 [main] INFO  o.s.s.web.DefaultSecurityFilterChain - Will secure any request with [org.springframework.security.web.session.DisableEncodeUrlFilter@69f2cb04, org.springframework.security.web.context.request.async.WebAsyncManagerIntegrationFilter@13803a94, org.springframework.security.web.context.SecurityContextHolderFilter@7573b9ee, org.springframework.security.web.header.HeaderWriterFilter@2eda4eeb, org.springframework.web.filter.CorsFilter@b4732dc, org.springframework.security.web.authentication.logout.LogoutFilter@5d508d22, org.springframework.security.web.savedrequest.RequestCacheAwareFilter@1af4955e, org.springframework.security.web.servletapi.SecurityContextHolderAwareRequestFilter@445821a6, org.springframework.security.web.authentication.AnonymousAuthenticationFilter@45292ec1, org.springframework.security.web.access.ExceptionTranslationFilter@357bc488, org.springframework.security.web.access.intercept.AuthorizationFilter@faea4da]
2026-05-16 12:06:42 [main] INFO  o.s.b.w.e.tomcat.TomcatWebServer - Tomcat started on port 8080 (http) with context path ''
2026-05-16 12:06:42 [main] INFO  c.s.springpoo.SpringpooApplication - Started SpringpooApplication in 3.956 seconds (process running for 4.644)
2026-05-16 12:06:45 [http-nio-8080-exec-1] INFO  o.s.web.servlet.DispatcherServlet - Initializing Servlet 'dispatcherServlet'
2026-05-16 12:06:45 [http-nio-8080-exec-1] INFO  o.s.web.servlet.DispatcherServlet - Completed initialization in 0 ms
2026-05-16 12:06:46 [http-nio-8080-exec-2] WARN  c.s.s.c.GlobalExceptionHandler - [404 Not Found] Recurso estático no encontrado → redirigiendo a error.html
2026-05-16 12:06:48 [http-nio-8080-exec-7] WARN  c.s.s.c.GlobalExceptionHandler - [404 Not Found] Recurso estático no encontrado → redirigiendo a error.html
2026-05-16 12:10:30 [http-nio-8080-exec-10] WARN  c.s.s.c.GlobalExceptionHandler - [404 Not Found] Recurso estático no encontrado → redirigiendo a error.html
2026-05-16 12:11:08 [main] INFO  c.s.springpoo.SpringpooApplication - Starting SpringpooApplication using Java 21.0.8 with PID 8876 (C:\Users\SANTIAGO\IdeaProjects\springpoo\springpoo\target\classes started by SANTIAGO in C:\Users\SANTIAGO\IdeaProjects\springpoo\springpoo)
2026-05-16 12:11:08 [main] DEBUG c.s.springpoo.SpringpooApplication - Running with Spring Boot v3.2.5, Spring v6.1.6
2026-05-16 12:11:08 [main] INFO  c.s.springpoo.SpringpooApplication - No active profile set, falling back to 1 default profile: "default"
2026-05-16 12:11:09 [main] INFO  o.s.b.w.e.tomcat.TomcatWebServer - Tomcat initialized with port 8080 (http)
2026-05-16 12:11:09 [main] INFO  o.s.b.w.s.c.ServletWebServerApplicationContext - Root WebApplicationContext: initialization completed in 1148 ms
2026-05-16 12:11:09 [main] INFO  c.s.springpoo.persistence.conexion - Conexión con MySQL establecida correctamente.
2026-05-16 12:11:09 [main] DEBUG c.s.s.p.persistenceAprendiz - Columna 'foto' ya existe o no se pudo agregar: Duplicate column name 'foto'
2026-05-16 12:11:09 [main] DEBUG c.s.s.p.persistenceAprendiz - Columna 'foto' ya existe o no se pudo agregar: Duplicate column name 'foto'
2026-05-16 12:11:09 [main] WARN  o.s.b.a.s.s.UserDetailsServiceAutoConfiguration - 

Using generated security password: e90fba12-d95a-4dcd-907c-7eba33f4a1db

This generated password is for development use only. Your security configuration must be updated before running your application in production.

2026-05-16 12:11:09 [main] INFO  o.s.b.a.w.s.WelcomePageHandlerMapping - Adding welcome page: class path resource [static/index.html]
2026-05-16 12:11:09 [main] INFO  o.s.s.web.DefaultSecurityFilterChain - Will secure any request with [org.springframework.security.web.session.DisableEncodeUrlFilter@1af4955e, org.springframework.security.web.context.request.async.WebAsyncManagerIntegrationFilter@445821a6, org.springframework.security.web.context.SecurityContextHolderFilter@6b2dd3df, org.springframework.security.web.header.HeaderWriterFilter@6909f6be, org.springframework.web.filter.CorsFilter@2c0c4c0a, org.springframework.security.web.authentication.logout.LogoutFilter@11787b64, org.springframework.security.web.savedrequest.RequestCacheAwareFilter@73c48264, org.springframework.security.web.servletapi.SecurityContextHolderAwareRequestFilter@5ef85555, org.springframework.security.web.authentication.AnonymousAuthenticationFilter@35d26ad2, org.springframework.security.web.access.ExceptionTranslationFilter@6661d8c0, org.springframework.security.web.access.intercept.AuthorizationFilter@309dcdf3]
2026-05-16 12:11:10 [main] INFO  o.s.b.w.e.tomcat.TomcatWebServer - Tomcat started on port 8080 (http) with context path ''
2026-05-16 12:11:10 [main] INFO  c.s.springpoo.SpringpooApplication - Started SpringpooApplication in 2.198 seconds (process running for 7.099)
2026-05-16 12:11:18 [http-nio-8080-exec-2] INFO  o.s.web.servlet.DispatcherServlet - Initializing Servlet 'dispatcherServlet'
2026-05-16 12:11:18 [http-nio-8080-exec-2] INFO  o.s.web.servlet.DispatcherServlet - Completed initialization in 1 ms
2026-05-16 12:11:19 [http-nio-8080-exec-1] WARN  c.s.s.c.GlobalExceptionHandler - [404 Not Found] Recurso estático no encontrado → redirigiendo a error.html
2026-05-16 12:11:21 [http-nio-8080-exec-8] WARN  c.s.s.c.GlobalExceptionHandler - [404 Not Found] Recurso estático no encontrado → redirigiendo a error.html
2026-05-16 12:11:25 [http-nio-8080-exec-9] ERROR c.s.s.c.GlobalExceptionHandler - [500 Error Inesperado] When allowCredentials is true, allowedOrigins cannot contain the special value "*" since that cannot be set on the "Access-Control-Allow-Origin" response header. To allow credentials to a set of origins, list them explicitly or consider using "allowedOriginPatterns" instead. | Tipo: java.lang.IllegalArgumentException
java.lang.IllegalArgumentException: When allowCredentials is true, allowedOrigins cannot contain the special value "*" since that cannot be set on the "Access-Control-Allow-Origin" response header. To allow credentials to a set of origins, list them explicitly or consider using "allowedOriginPatterns" instead.
	at org.springframework.web.cors.CorsConfiguration.validateAllowCredentials(CorsConfiguration.java:572)
	at org.springframework.web.servlet.handler.AbstractHandlerMapping.getHandler(AbstractHandlerMapping.java:542)
	at org.springframework.web.servlet.DispatcherServlet.getHandler(DispatcherServlet.java:1283)
	at org.springframework.web.servlet.DispatcherServlet.doDispatch(DispatcherServlet.java:1065)
	at org.springframework.web.servlet.DispatcherServlet.doService(DispatcherServlet.java:979)
	at org.springframework.web.servlet.FrameworkServlet.processRequest(FrameworkServlet.java:1014)
	at org.springframework.web.servlet.FrameworkServlet.doPost(FrameworkServlet.java:914)
	at jakarta.servlet.http.HttpServlet.service(HttpServlet.java:590)
	at org.springframework.web.servlet.FrameworkServlet.service(FrameworkServlet.java:885)
	at jakarta.servlet.http.HttpServlet.service(HttpServlet.java:658)
	at org.apache.catalina.core.ApplicationFilterChain.internalDoFilter(ApplicationFilterChain.java:206)
	at org.apache.catalina.core.ApplicationFilterChain.doFilter(ApplicationFilterChain.java:150)
	at org.apache.tomcat.websocket.server.WsFilter.doFilter(WsFilter.java:51)
	at org.apache.catalina.core.ApplicationFilterChain.internalDoFilter(ApplicationFilterChain.java:175)
	at org.apache.catalina.core.ApplicationFilterChain.doFilter(ApplicationFilterChain.java:150)
	at org.springframework.web.filter.CompositeFilter$VirtualFilterChain.doFilter(CompositeFilter.java:108)
	at org.springframework.security.web.FilterChainProxy.lambda$doFilterInternal$3(FilterChainProxy.java:231)
	at org.springframework.security.web.FilterChainProxy$VirtualFilterChain.doFilter(FilterChainProxy.java:365)
	at org.springframework.security.web.access.intercept.AuthorizationFilter.doFilter(AuthorizationFilter.java:100)
	at org.springframework.security.web.FilterChainProxy$VirtualFilterChain.doFilter(FilterChainProxy.java:374)
	at org.springframework.security.web.access.ExceptionTranslationFilter.doFilter(ExceptionTranslationFilter.java:126)
	at org.springframework.security.web.access.ExceptionTranslationFilter.doFilter(ExceptionTranslationFilter.java:120)
	at org.springframework.security.web.FilterChainProxy$VirtualFilterChain.doFilter(FilterChainProxy.java:374)
	at org.springframework.security.web.authentication.AnonymousAuthenticationFilter.doFilter(AnonymousAuthenticationFilter.java:100)
	at org.springframework.security.web.FilterChainProxy$VirtualFilterChain.doFilter(FilterChainProxy.java:374)
	at org.springframework.security.web.servletapi.SecurityContextHolderAwareRequestFilter.doFilter(SecurityContextHolderAwareRequestFilter.java:179)
	at org.springframework.security.web.FilterChainProxy$VirtualFilterChain.doFilter(FilterChainProxy.java:374)
	at org.springframework.security.web.savedrequest.RequestCacheAwareFilter.doFilter(RequestCacheAwareFilter.java:63)
	at org.springframework.security.web.FilterChainProxy$VirtualFilterChain.doFilter(FilterChainProxy.java:374)
	at org.springframework.security.web.authentication.logout.LogoutFilter.doFilter(LogoutFilter.java:107)
	at org.springframework.security.web.authentication.logout.LogoutFilter.doFilter(LogoutFilter.java:93)
	at org.springframework.security.web.FilterChainProxy$VirtualFilterChain.doFilter(FilterChainProxy.java:374)
	at org.springframework.web.filter.CorsFilter.doFilterInternal(CorsFilter.java:91)
	at org.springframework.web.filter.OncePerRequestFilter.doFilter(OncePerRequestFilter.java:116)
	at org.springframework.security.web.FilterChainProxy$VirtualFilterChain.doFilter(FilterChainProxy.java:374)
	at org.springframework.security.web.header.HeaderWriterFilter.doHeadersAfter(HeaderWriterFilter.java:90)
	at org.springframework.security.web.header.HeaderWriterFilter.doFilterInternal(HeaderWriterFilter.java:75)
	at org.springframework.web.filter.OncePerRequestFilter.doFilter(OncePerRequestFilter.java:116)
	at org.springframework.security.web.FilterChainProxy$VirtualFilterChain.doFilter(FilterChainProxy.java:374)
	at org.springframework.security.web.context.SecurityContextHolderFilter.doFilter(SecurityContextHolderFilter.java:82)
	at org.springframework.security.web.context.SecurityContextHolderFilter.doFilter(SecurityContextHolderFilter.java:69)
	at org.springframework.security.web.FilterChainProxy$VirtualFilterChain.doFilter(FilterChainProxy.java:374)
	at org.springframework.security.web.context.request.async.WebAsyncManagerIntegrationFilter.doFilterInternal(WebAsyncManagerIntegrationFilter.java:62)
	at org.springframework.web.filter.OncePerRequestFilter.doFilter(OncePerRequestFilter.java:116)
	at org.springframework.security.web.FilterChainProxy$VirtualFilterChain.doFilter(FilterChainProxy.java:374)
	at org.springframework.security.web.session.DisableEncodeUrlFilter.doFilterInternal(DisableEncodeUrlFilter.java:42)
	at org.springframework.web.filter.OncePerRequestFilter.doFilter(OncePerRequestFilter.java:116)
	at org.springframework.security.web.FilterChainProxy$VirtualFilterChain.doFilter(FilterChainProxy.java:374)
	at org.springframework.security.web.FilterChainProxy.doFilterInternal(FilterChainProxy.java:233)
	at org.springframework.security.web.FilterChainProxy.doFilter(FilterChainProxy.java:191)
	at org.springframework.web.filter.CompositeFilter$VirtualFilterChain.doFilter(CompositeFilter.java:113)
	at org.springframework.web.servlet.handler.HandlerMappingIntrospector.lambda$createCacheFilter$3(HandlerMappingIntrospector.java:195)
	at org.springframework.web.filter.CompositeFilter$VirtualFilterChain.doFilter(CompositeFilter.java:113)
	at org.springframework.web.filter.CompositeFilter.doFilter(CompositeFilter.java:74)
	at org.springframework.security.config.annotation.web.configuration.WebMvcSecurityConfiguration$CompositeFilterChainProxy.doFilter(WebMvcSecurityConfiguration.java:230)
	at org.springframework.web.filter.DelegatingFilterProxy.invokeDelegate(DelegatingFilterProxy.java:352)
	at org.springframework.web.filter.DelegatingFilterProxy.doFilter(DelegatingFilterProxy.java:268)
	at org.apache.catalina.core.ApplicationFilterChain.internalDoFilter(ApplicationFilterChain.java:175)
	at org.apache.catalina.core.ApplicationFilterChain.doFilter(ApplicationFilterChain.java:150)
	at org.springframework.web.filter.RequestContextFilter.doFilterInternal(RequestContextFilter.java:100)
	at org.springframework.web.filter.OncePerRequestFilter.doFilter(OncePerRequestFilter.java:116)
	at org.apache.catalina.core.ApplicationFilterChain.internalDoFilter(ApplicationFilterChain.java:175)
	at org.apache.catalina.core.ApplicationFilterChain.doFilter(ApplicationFilterChain.java:150)
	at org.springframework.web.filter.FormContentFilter.doFilterInternal(FormContentFilter.java:93)
	at org.springframework.web.filter.OncePerRequestFilter.doFilter(OncePerRequestFilter.java:116)
	at org.apache.catalina.core.ApplicationFilterChain.internalDoFilter(ApplicationFilterChain.java:175)
	at org.apache.catalina.core.ApplicationFilterChain.doFilter(ApplicationFilterChain.java:150)
	at org.springframework.web.filter.CharacterEncodingFilter.doFilterInternal(CharacterEncodingFilter.java:201)
	at org.springframework.web.filter.OncePerRequestFilter.doFilter(OncePerRequestFilter.java:116)
	at org.apache.catalina.core.ApplicationFilterChain.internalDoFilter(ApplicationFilterChain.java:175)
	at org.apache.catalina.core.ApplicationFilterChain.doFilter(ApplicationFilterChain.java:150)
	at org.apache.catalina.core.StandardWrapperValve.invoke(StandardWrapperValve.java:167)
	at org.apache.catalina.core.StandardContextValve.invoke(StandardContextValve.java:90)
	at org.apache.catalina.authenticator.AuthenticatorBase.invoke(AuthenticatorBase.java:482)
	at org.apache.catalina.core.StandardHostValve.invoke(StandardHostValve.java:115)
	at org.apache.catalina.valves.ErrorReportValve.invoke(ErrorReportValve.java:93)
	at org.apache.catalina.core.StandardEngineValve.invoke(StandardEngineValve.java:74)
	at org.apache.catalina.connector.CoyoteAdapter.service(CoyoteAdapter.java:344)
	at org.apache.coyote.http11.Http11Processor.service(Http11Processor.java:391)
	at org.apache.coyote.AbstractProcessorLight.process(AbstractProcessorLight.java:63)
	at org.apache.coyote.AbstractProtocol$ConnectionHandler.process(AbstractProtocol.java:896)
	at org.apache.tomcat.util.net.NioEndpoint$SocketProcessor.doRun(NioEndpoint.java:1736)
	at org.apache.tomcat.util.net.SocketProcessorBase.run(SocketProcessorBase.java:52)
	at org.apache.tomcat.util.threads.ThreadPoolExecutor.runWorker(ThreadPoolExecutor.java:1191)
	at org.apache.tomcat.util.threads.ThreadPoolExecutor$Worker.run(ThreadPoolExecutor.java:659)
	at org.apache.tomcat.util.threads.TaskThread$WrappingRunnable.run(TaskThread.java:63)
	at java.base/java.lang.Thread.run(Thread.java:1583)
2026-05-16 12:12:19 [main] INFO  c.s.springpoo.SpringpooApplication - Starting SpringpooApplication using Java 21.0.8 with PID 6696 (C:\Users\SANTIAGO\IdeaProjects\springpoo\springpoo\target\classes started by SANTIAGO in C:\Users\SANTIAGO\IdeaProjects\springpoo\springpoo)
2026-05-16 12:12:19 [main] DEBUG c.s.springpoo.SpringpooApplication - Running with Spring Boot v3.2.5, Spring v6.1.6
2026-05-16 12:12:19 [main] INFO  c.s.springpoo.SpringpooApplication - No active profile set, falling back to 1 default profile: "default"
2026-05-16 12:12:20 [main] INFO  o.s.b.w.e.tomcat.TomcatWebServer - Tomcat initialized with port 8080 (http)
2026-05-16 12:12:20 [main] INFO  o.s.b.w.s.c.ServletWebServerApplicationContext - Root WebApplicationContext: initialization completed in 932 ms
2026-05-16 12:12:20 [main] INFO  c.s.springpoo.persistence.conexion - Conexión con MySQL establecida correctamente.
2026-05-16 12:12:20 [main] DEBUG c.s.s.p.persistenceAprendiz - Columna 'foto' ya existe o no se pudo agregar: Duplicate column name 'foto'
2026-05-16 12:12:20 [main] DEBUG c.s.s.p.persistenceAprendiz - Columna 'foto' ya existe o no se pudo agregar: Duplicate column name 'foto'
2026-05-16 12:12:20 [main] WARN  o.s.b.a.s.s.UserDetailsServiceAutoConfiguration - 

Using generated security password: 05a8dab2-c98b-4dea-8626-578ef688ffd7

This generated password is for development use only. Your security configuration must be updated before running your application in production.

2026-05-16 12:12:20 [main] INFO  o.s.b.a.w.s.WelcomePageHandlerMapping - Adding welcome page: class path resource [static/index.html]
2026-05-16 12:12:21 [main] INFO  o.s.s.web.DefaultSecurityFilterChain - Will secure any request with [org.springframework.security.web.session.DisableEncodeUrlFilter@100ad67e, org.springframework.security.web.context.request.async.WebAsyncManagerIntegrationFilter@713a35c5, org.springframework.security.web.context.SecurityContextHolderFilter@40ed1802, org.springframework.security.web.header.HeaderWriterFilter@1b7f06c7, org.springframework.web.filter.CorsFilter@62aeddc8, org.springframework.security.web.authentication.logout.LogoutFilter@1f66d8e1, org.springframework.security.web.savedrequest.RequestCacheAwareFilter@feb098f, org.springframework.security.web.servletapi.SecurityContextHolderAwareRequestFilter@19e21f89, org.springframework.security.web.authentication.AnonymousAuthenticationFilter@11787b64, org.springframework.security.web.access.ExceptionTranslationFilter@1c8f6c66, org.springframework.security.web.access.intercept.AuthorizationFilter@6ad1701a]
2026-05-16 12:12:21 [main] INFO  o.s.b.w.e.tomcat.TomcatWebServer - Tomcat started on port 8080 (http) with context path ''
2026-05-16 12:12:21 [main] INFO  c.s.springpoo.SpringpooApplication - Started SpringpooApplication in 1.982 seconds (process running for 2.267)
2026-05-16 12:12:24 [http-nio-8080-exec-1] INFO  o.s.web.servlet.DispatcherServlet - Initializing Servlet 'dispatcherServlet'
2026-05-16 12:12:24 [http-nio-8080-exec-1] INFO  o.s.web.servlet.DispatcherServlet - Completed initialization in 0 ms
2026-05-16 12:12:25 [http-nio-8080-exec-5] WARN  c.s.s.c.GlobalExceptionHandler - [404 Not Found] Recurso estático no encontrado → redirigiendo a error.html
2026-05-16 12:12:31 [http-nio-8080-exec-2] WARN  c.s.s.c.GlobalExceptionHandler - [404 Not Found] Recurso estático no encontrado → redirigiendo a error.html
2026-05-16 12:12:36 [http-nio-8080-exec-4] INFO  c.s.s.c.ExcelAprendizController - POST /importar/excel - archivo recibido: aprendices_prueba.xlsx, tamaño: 5967 bytes
2026-05-16 12:12:38 [http-nio-8080-exec-4] INFO  c.s.s.c.ExcelAprendizController - Total de filas de datos en el Excel: 7
2026-05-16 12:12:38 [http-nio-8080-exec-4] DEBUG c.s.s.p.persistenceAprendiz - Intentando guardar aprendiz: documento=1023456789
2026-05-16 12:12:38 [http-nio-8080-exec-4] INFO  c.s.s.p.persistenceAprendiz - Aprendiz guardado correctamente con ID: 10016
2026-05-16 12:12:38 [http-nio-8080-exec-4] INFO  c.s.s.c.ExcelAprendizController - Aprendiz guardado - ID: 10016, correo: carlos.ramirez@sena.edu.co
2026-05-16 12:12:38 [http-nio-8080-exec-4] DEBUG c.s.s.p.persistenceAprendiz - Intentando guardar aprendiz: documento=1098765432
2026-05-16 12:12:39 [http-nio-8080-exec-4] INFO  c.s.s.p.persistenceAprendiz - Aprendiz guardado correctamente con ID: 10017
2026-05-16 12:12:39 [http-nio-8080-exec-4] INFO  c.s.s.c.ExcelAprendizController - Aprendiz guardado - ID: 10017, correo: laura.ospina@sena.edu.co
2026-05-16 12:12:39 [http-nio-8080-exec-4] DEBUG c.s.s.p.persistenceAprendiz - Intentando guardar aprendiz: documento=1005432198
2026-05-16 12:12:39 [http-nio-8080-exec-4] INFO  c.s.s.p.persistenceAprendiz - Aprendiz guardado correctamente con ID: 10018
2026-05-16 12:12:39 [http-nio-8080-exec-4] INFO  c.s.s.c.ExcelAprendizController - Aprendiz guardado - ID: 10018, correo: miguel.herrera@sena.edu.co
2026-05-16 12:12:39 [http-nio-8080-exec-4] DEBUG c.s.s.p.persistenceAprendiz - Intentando guardar aprendiz: documento=1054321987
2026-05-16 12:12:39 [http-nio-8080-exec-4] INFO  c.s.s.p.persistenceAprendiz - Aprendiz guardado correctamente con ID: 10019
2026-05-16 12:12:39 [http-nio-8080-exec-4] INFO  c.s.s.c.ExcelAprendizController - Aprendiz guardado - ID: 10019, correo: valentina.moreno@sena.edu.co
2026-05-16 12:12:39 [http-nio-8080-exec-4] DEBUG c.s.s.p.persistenceAprendiz - Intentando guardar aprendiz: documento=1076543219
2026-05-16 12:12:39 [http-nio-8080-exec-4] INFO  c.s.s.p.persistenceAprendiz - Aprendiz guardado correctamente con ID: 10020
2026-05-16 12:12:39 [http-nio-8080-exec-4] INFO  c.s.s.c.ExcelAprendizController - Aprendiz guardado - ID: 10020, correo: santiago.cruz@sena.edu.co
2026-05-16 12:12:39 [http-nio-8080-exec-4] DEBUG c.s.s.p.persistenceAprendiz - Intentando guardar aprendiz: documento=1045678932
2026-05-16 12:12:39 [http-nio-8080-exec-4] INFO  c.s.s.p.persistenceAprendiz - Aprendiz guardado correctamente con ID: 10021
2026-05-16 12:12:39 [http-nio-8080-exec-4] INFO  c.s.s.c.ExcelAprendizController - Aprendiz guardado - ID: 10021, correo: daniela.vargas@sena.edu.co
2026-05-16 12:12:39 [http-nio-8080-exec-4] DEBUG c.s.s.p.persistenceAprendiz - Intentando guardar aprendiz: documento=1087654321
2026-05-16 12:12:39 [http-nio-8080-exec-4] INFO  c.s.s.p.persistenceAprendiz - Aprendiz guardado correctamente con ID: 10022
2026-05-16 12:12:39 [http-nio-8080-exec-4] INFO  c.s.s.c.ExcelAprendizController - Aprendiz guardado - ID: 10022, correo: andres.jimenez@sena.edu.co
2026-05-16 12:12:42 [http-nio-8080-exec-4] INFO  c.s.s.c.ExcelAprendizController - Resumen enviado a n8n exitosamente. Total insertados: 7
2026-05-16 12:13:59 [http-nio-8080-exec-5] WARN  c.s.s.c.GlobalExceptionHandler - [404 Not Found] Recurso estático no encontrado → redirigiendo a error.html
2026-05-16 12:13:59 [http-nio-8080-exec-1] INFO  c.s.s.controller.ControllerAprendiz - GET /aprendiz/listar - page: 1, size: 10, search: 
